// Jest Snapshot v1, https://goo.gl/fbAQLP

exports[`Missions List Component Correct render of Missions List  1`] = `
Object {
  "asFragment": [Function],
  "baseElement": <body>
    <div>
      <div
        class="mission-container"
      >
        <div
          class="m_line"
        >
           
        </div>
        <div
          class="mu_header"
        >
          <div
            class="mu_mission"
          >
            <p>
              Mission
            </p>
          </div>
          <div
            class="mu_description"
          >
            <p>
              Description
            </p>
          </div>
          <div
            class="mu_statusAndButton"
          >
            <div
              class="mu_status"
            >
              <p>
                Status
              </p>
            </div>
            <div
              class="mu_button"
            >
               
            </div>
          </div>
        </div>
        <ul
          class="ul-container"
        />
      </div>
    </div>
  </body>,
  "container": <div>
    <div
      class="mission-container"
    >
      <div
        class="m_line"
      >
         
      </div>
      <div
        class="mu_header"
      >
        <div
          class="mu_mission"
        >
          <p>
            Mission
          </p>
        </div>
        <div
          class="mu_description"
        >
          <p>
            Description
          </p>
        </div>
        <div
          class="mu_statusAndButton"
        >
          <div
            class="mu_status"
          >
            <p>
              Status
            </p>
          </div>
          <div
            class="mu_button"
          >
             
          </div>
        </div>
      </div>
      <ul
        class="ul-container"
      />
    </div>
  </div>,
  "debug": [Function],
  "findAllByAltText": [Function],
  "findAllByDisplayValue": [Function],
  "findAllByLabelText": [Function],
  "findAllByPlaceholderText": [Function],
  "findAllByRole": [Function],
  "findAllByTestId": [Function],
  "findAllByText": [Function],
  "findAllByTitle": [Function],
  "findByAltText": [Function],
  "findByDisplayValue": [Function],
  "findByLabelText": [Function],
  "findByPlaceholderText": [Function],
  "findByRole": [Function],
  "findByTestId": [Function],
  "findByText": [Function],
  "findByTitle": [Function],
  "getAllByAltText": [Function],
  "getAllByDisplayValue": [Function],
  "getAllByLabelText": [Function],
  "getAllByPlaceholderText": [Function],
  "getAllByRole": [Function],
  "getAllByTestId": [Function],
  "getAllByText": [Function],
  "getAllByTitle": [Function],
  "getByAltText": [Function],
  "getByDisplayValue": [Function],
  "getByLabelText": [Function],
  "getByPlaceholderText": [Function],
  "getByRole": [Function],
  "getByTestId": [Function],
  "getByText": [Function],
  "getByTitle": [Function],
  "queryAllByAltText": [Function],
  "queryAllByDisplayValue": [Function],
  "queryAllByLabelText": [Function],
  "queryAllByPlaceholderText": [Function],
  "queryAllByRole": [Function],
  "queryAllByTestId": [Function],
  "queryAllByText": [Function],
  "queryAllByTitle": [Function],
  "queryByAltText": [Function],
  "queryByDisplayValue": [Function],
  "queryByLabelText": [Function],
  "queryByPlaceholderText": [Function],
  "queryByRole": [Function],
  "queryByTestId": [Function],
  "queryByText": [Function],
  "queryByTitle": [Function],
  "rerender": [Function],
  "unmount": [Function],
}
`;
